python-markdown: /usr/bin/markdown_py exists in filesystem
python-markdown: /usr/lib/python3.7/site-packages/markdown/__init__.py exists in filesystem
python-markdown: /usr/lib/python3.7/site-packages/markdown/__main__.py exists in filesystem
python-markdown: /usr/lib/python3.7/site-packages/markdown/blockparser.py exists in filesystem
python-markdown: /usr/lib/python3.7/site-packages/markdown/blockprocessors.py exists in filesystem
python-markdown: /usr/lib/python3.7/site-packages/markdown/core.py exists in filesystem
python-markdown: /usr/lib/python3.7/site-packages/markdown/extensions/__init__.py exists in filesystem
python-markdown: /usr/lib/python3.7/site-packages/markdown/extensions/abbr.py exists in filesystem
python-markdown: /usr/lib/python3.7/site-packages/markdown/extensions/admonition.py exists in filesystem
python-markdown: /usr/lib/python3.7/site-packages/markdown/extensions/attr_list.py exists in filesystem
python-markdown: /usr/lib/python3.7/site-packages/markdown/extensions/codehilite.py exists in filesystem
python-markdown: /usr/lib/python3.7/site-packages/markdown/extensions/def_list.py exists in filesystem
python-markdown: /usr/lib/python3.7/site-packages/markdown/extensions/extra.py exists in filesystem
python-markdown: /usr/lib/python3.7/site-packages/markdown/extensions/fenced_code.py exists in filesystem
python-markdown: /usr/lib/python3.7/site-packages/markdown/extensions/footnotes.py exists in filesystem
python-markdown: /usr/lib/python3.7/site-packages/markdown/extensions/legacy_attrs.py exists in filesystem
python-markdown: /usr/lib/python3.7/site-packages/markdown/extensions/legacy_em.py exists in filesystem
python-markdown: /usr/lib/python3.7/site-packages/markdown/extensions/meta.py exists in filesystem
python-markdown: /usr/lib/python3.7/site-packages/markdown/extensions/nl2br.py exists in filesystem
python-markdown: /usr/lib/python3.7/site-packages/markdown/extensions/sane_lists.py exists in filesystem
python-markdown: /usr/lib/python3.7/site-packages/markdown/extensions/smarty.py exists in filesystem
python-markdown: /usr/lib/python3.7/site-packages/markdown/extensions/tables.py exists in filesystem
python-markdown: /usr/lib/python3.7/site-packages/markdown/extensions/toc.py exists in filesystem
python-markdown: /usr/lib/python3.7/site-packages/markdown/extensions/wikilinks.py exists in filesystem
python-markdown: /usr/lib/python3.7/site-packages/markdown/inlinepatterns.py exists in filesystem
python-markdown: /usr/lib/python3.7/site-packages/markdown/postprocessors.py exists in filesystem
python-markdown: /usr/lib/python3.7/site-packages/markdown/preprocessors.py exists in filesystem
python-markdown: /usr/lib/python3.7/site-packages/markdown/serializers.py exists in filesystem
python-markdown: /usr/lib/python3.7/site-packages/markdown/test_tools.py exists in filesystem
python-markdown: /usr/lib/python3.7/site-packages/markdown/treeprocessors.py exists in filesystem
python-markdown: /usr/lib/python3.7/site-packages/markdown/util.py exists in filesystem
python-lxml: /usr/lib/python3.7/site-packages/lxml/ElementInclude.py exists in filesystem
python-lxml: /usr/lib/python3.7/site-packages/lxml/__init__.py exists in filesystem
python-lxml: /usr/lib/python3.7/site-packages/lxml/__pycache__/ElementInclude.cpython-37.pyc exists in filesystem
python-lxml: /usr/lib/python3.7/site-packages/lxml/__pycache__/__init__.cpython-37.pyc exists in filesystem
python-lxml: /usr/lib/python3.7/site-packages/lxml/__pycache__/_elementpath.cpython-37.pyc exists in filesystem
python-lxml: /usr/lib/python3.7/site-packages/lxml/__pycache__/builder.cpython-37.pyc exists in filesystem
python-lxml: /usr/lib/python3.7/site-packages/lxml/__pycache__/cssselect.cpython-37.pyc exists in filesystem
python-lxml: /usr/lib/python3.7/site-packages/lxml/__pycache__/doctestcompare.cpython-37.pyc exists in filesystem
python-lxml: /usr/lib/python3.7/site-packages/lxml/__pycache__/pyclasslookup.cpython-37.pyc exists in filesystem
python-lxml: /usr/lib/python3.7/site-packages/lxml/__pycache__/sax.cpython-37.pyc exists in filesystem
python-lxml: /usr/lib/python3.7/site-packages/lxml/__pycache__/usedoctest.cpython-37.pyc exists in filesystem
python-lxml: /usr/lib/python3.7/site-packages/lxml/_elementpath.cpython-37m-x86_64-linux-gnu.so exists in filesystem
python-lxml: /usr/lib/python3.7/site-packages/lxml/_elementpath.py exists in filesystem
python-lxml: /usr/lib/python3.7/site-packages/lxml/builder.cpython-37m-x86_64-linux-gnu.so exists in filesystem
python-lxml: /usr/lib/python3.7/site-packages/lxml/builder.py exists in filesystem
python-lxml: /usr/lib/python3.7/site-packages/lxml/cssselect.py exists in filesystem
python-lxml: /usr/lib/python3.7/site-packages/lxml/doctestcompare.py exists in filesystem
python-lxml: /usr/lib/python3.7/site-packages/lxml/etree.cpython-37m-x86_64-linux-gnu.so exists in filesystem
python-lxml: /usr/lib/python3.7/site-packages/lxml/etree.h exists in filesystem
python-lxml: /usr/lib/python3.7/site-packages/lxml/etree_api.h exists in filesystem
python-lxml: /usr/lib/python3.7/site-packages/lxml/html/ElementSoup.py exists in filesystem
python-lxml: /usr/lib/python3.7/site-packages/lxml/html/__init__.py exists in filesystem
python-lxml: /usr/lib/python3.7/site-packages/lxml/html/__pycache__/ElementSoup.cpython-37.pyc exists in filesystem
python-lxml: /usr/lib/python3.7/site-packages/lxml/html/__pycache__/__init__.cpython-37.pyc exists in filesystem
python-lxml: /usr/lib/python3.7/site-packages/lxml/html/__pycache__/_diffcommand.cpython-37.pyc exists in filesystem
python-lxml: /usr/lib/python3.7/site-packages/lxml/html/__pycache__/_html5builder.cpython-37.pyc exists in filesystem
python-lxml: /usr/lib/python3.7/site-packages/lxml/html/__pycache__/_setmixin.cpython-37.pyc exists in filesystem
python-lxml: /usr/lib/python3.7/site-packages/lxml/html/__pycache__/builder.cpython-37.pyc exists in filesystem
python-lxml: /usr/lib/python3.7/site-packages/lxml/html/__pycache__/clean.cpython-37.pyc exists in filesystem
python-lxml: /usr/lib/python3.7/site-packages/lxml/html/__pycache__/defs.cpython-37.pyc exists in filesystem
python-lxml: /usr/lib/python3.7/site-packages/lxml/html/__pycache__/diff.cpython-37.pyc exists in filesystem
python-lxml: /usr/lib/python3.7/site-packages/lxml/html/__pycache__/formfill.cpython-37.pyc exists in filesystem
python-lxml: /usr/lib/python3.7/site-packages/lxml/html/__pycache__/html5parser.cpython-37.pyc exists in filesystem
python-lxml: /usr/lib/python3.7/site-packages/lxml/html/__pycache__/soupparser.cpython-37.pyc exists in filesystem
python-lxml: /usr/lib/python3.7/site-packages/lxml/html/__pycache__/usedoctest.cpython-37.pyc exists in filesystem
python-lxml: /usr/lib/python3.7/site-packages/lxml/html/_diffcommand.py exists in filesystem
python-lxml: /usr/lib/python3.7/site-packages/lxml/html/_html5builder.py exists in filesystem
python-lxml: /usr/lib/python3.7/site-packages/lxml/html/_setmixin.py exists in filesystem
python-lxml: /usr/lib/python3.7/site-packages/lxml/html/builder.py exists in filesystem
python-lxml: /usr/lib/python3.7/site-packages/lxml/html/clean.cpython-37m-x86_64-linux-gnu.so exists in filesystem
python-lxml: /usr/lib/python3.7/site-packages/lxml/html/clean.py exists in filesystem
python-lxml: /usr/lib/python3.7/site-packages/lxml/html/defs.py exists in filesystem
python-lxml: /usr/lib/python3.7/site-packages/lxml/html/diff.cpython-37m-x86_64-linux-gnu.so exists in filesystem
python-lxml: /usr/lib/python3.7/site-packages/lxml/html/diff.py exists in filesystem
python-lxml: /usr/lib/python3.7/site-packages/lxml/html/formfill.py exists in filesystem
python-lxml: /usr/lib/python3.7/site-packages/lxml/html/html5parser.py exists in filesystem
python-lxml: /usr/lib/python3.7/site-packages/lxml/html/soupparser.py exists in filesystem
python-lxml: /usr/lib/python3.7/site-packages/lxml/html/usedoctest.py exists in filesystem
python-lxml: /usr/lib/python3.7/site-packages/lxml/includes/__init__.pxd exists in filesystem
python-lxml: /usr/lib/python3.7/site-packages/lxml/includes/__init__.py exists in filesystem
python-lxml: /usr/lib/python3.7/site-packages/lxml/includes/__pycache__/__init__.cpython-37.pyc exists in filesystem
python-lxml: /usr/lib/python3.7/site-packages/lxml/includes/c14n.pxd exists in filesystem
python-lxml: /usr/lib/python3.7/site-packages/lxml/includes/config.pxd exists in filesystem
python-lxml: /usr/lib/python3.7/site-packages/lxml/includes/dtdvalid.pxd exists in filesystem
python-lxml: /usr/lib/python3.7/site-packages/lxml/includes/etree_defs.h exists in filesystem
python-lxml: /usr/lib/python3.7/site-packages/lxml/includes/etreepublic.pxd exists in filesystem
python-lxml: /usr/lib/python3.7/site-packages/lxml/includes/htmlparser.pxd exists in filesystem
python-lxml: /usr/lib/python3.7/site-packages/lxml/includes/lxml-version.h exists in filesystem
python-lxml: /usr/lib/python3.7/site-packages/lxml/includes/relaxng.pxd exists in filesystem
python-lxml: /usr/lib/python3.7/site-packages/lxml/includes/schematron.pxd exists in filesystem
python-lxml: /usr/lib/python3.7/site-packages/lxml/includes/tree.pxd exists in filesystem
python-lxml: /usr/lib/python3.7/site-packages/lxml/includes/uri.pxd exists in filesystem
python-lxml: /usr/lib/python3.7/site-packages/lxml/includes/xinclude.pxd exists in filesystem
python-lxml: /usr/lib/python3.7/site-packages/lxml/includes/xmlerror.pxd exists in filesystem
python-lxml: /usr/lib/python3.7/site-packages/lxml/includes/xmlparser.pxd exists in filesystem
python-lxml: /usr/lib/python3.7/site-packages/lxml/includes/xmlschema.pxd exists in filesystem
python-lxml: /usr/lib/python3.7/site-packages/lxml/includes/xpath.pxd exists in filesystem
python-lxml: /usr/lib/python3.7/site-packages/lxml/includes/xslt.pxd exists in filesystem
python-lxml: /usr/lib/python3.7/site-packages/lxml/isoschematron/__init__.py exists in filesystem
python-lxml: /usr/lib/python3.7/site-packages/lxml/isoschematron/__pycache__/__init__.cpython-37.pyc exists in filesystem
python-lxml: /usr/lib/python3.7/site-packages/lxml/isoschematron/resources/rng/iso-schematron.rng exists in filesystem
python-lxml: /usr/lib/python3.7/site-packages/lxml/isoschematron/resources/xsl/RNG2Schtrn.xsl exists in filesystem
python-lxml: /usr/lib/python3.7/site-packages/lxml/isoschematron/resources/xsl/XSD2Schtrn.xsl exists in filesystem
python-lxml: /usr/lib/python3.7/site-packages/lxml/isoschematron/resources/xsl/iso-schematron-xslt1/iso_abstract_expand.xsl exists in filesystem
python-lxml: /usr/lib/python3.7/site-packages/lxml/isoschematron/resources/xsl/iso-schematron-xslt1/iso_dsdl_include.xsl exists in filesystem
python-lxml: /usr/lib/python3.7/site-packages/lxml/isoschematron/resources/xsl/iso-schematron-xslt1/iso_schematron_message.xsl exists in filesystem
python-lxml: /usr/lib/python3.7/site-packages/lxml/isoschematron/resources/xsl/iso-schematron-xslt1/iso_schematron_skeleton_for_xslt1.xsl exists in filesystem
python-lxml: /usr/lib/python3.7/site-packages/lxml/isoschematron/resources/xsl/iso-schematron-xslt1/iso_svrl_for_xslt1.xsl exists in filesystem
python-lxml: /usr/lib/python3.7/site-packages/lxml/isoschematron/resources/xsl/iso-schematron-xslt1/readme.txt exists in filesystem
python-lxml: /usr/lib/python3.7/site-packages/lxml/lxml.etree.h exists in filesystem
python-lxml: /usr/lib/python3.7/site-packages/lxml/lxml.etree_api.h exists in filesystem
python-lxml: /usr/lib/python3.7/site-packages/lxml/objectify.cpython-37m-x86_64-linux-gnu.so exists in filesystem
python-lxml: /usr/lib/python3.7/site-packages/lxml/pyclasslookup.py exists in filesystem
python-lxml: /usr/lib/python3.7/site-packages/lxml/sax.cpython-37m-x86_64-linux-gnu.so exists in filesystem
python-lxml: /usr/lib/python3.7/site-packages/lxml/sax.py exists in filesystem
python-lxml: /usr/lib/python3.7/site-packages/lxml/usedoctest.py exists in filesystem
Errors occurred, no packages were upgraded.
Error installing repo packages

